// Vitest Snapshot v1, https://vitest.dev/guide/snapshot.html

exports[`failure-state matrix > matches the 'invalid-recipe' component snapshot 1`] = `"<div class="failure-state" data-error-code="RECIPE_INVALID"><section class="status-panel status-panel--danger" role="alert"><svg aria-hidden="true" class="status-panel__icon" viewBox="0 0 24 24"><path d="M12 3 2.8 20h18.4L12 3Z"></path><path d="M12 9v5m0 3v.1"></path></svg><div><h2>Recipe configuration is invalid</h2><p>The recipe content is invalid. Correct the recipe source and run catalog sync again.</p></div></section></div>"`;

exports[`failure-state matrix > matches the 'no-data' component snapshot 1`] = `"<section class="status-panel status-panel--info" role="status"><svg aria-hidden="true" class="status-panel__icon" viewBox="0 0 24 24"><path d="M20 12a8 8 0 1 1-2.35-5.65M20 4v5h-5"></path></svg><div><h2>No market data yet</h2><p>This recipe is queued for its first market evaluation. The page will update after a successful refresh.</p></div></section>"`;

exports[`failure-state matrix > matches the 'partial-no-listings' component snapshot 1`] = `"<div class="failure-state" data-error-code="NO_LISTINGS"><section class="status-panel status-panel--warning" role="status"><svg aria-hidden="true" class="status-panel__icon" viewBox="0 0 24 24"><path d="M12 3 2.8 20h18.4L12 3Z"></path><path d="M12 9v5m0 3v.1"></path></svg><div><h2>No market listings yet</h2><p>No matching market listings are available. Craft cost remains visible; sale price and profit are withheld.</p></div></section></div>"`;

exports[`failure-state matrix > matches the 'stale-provider' component snapshot 1`] = `"<div class="failure-state" data-error-code="PROVIDER_UNAVAILABLE"><section class="status-panel status-panel--warning" role="status"><svg aria-hidden="true" class="status-panel__icon" viewBox="0 0 24 24"><path d="M12 3 2.8 20h18.4L12 3Z"></path><path d="M12 9v5m0 3v.1"></path></svg><div><h2>Market provider temporarily unavailable</h2><p>The market provider is temporarily unavailable. Automatic refresh will retry; existing results remain visible. <span class="failure-state__timestamp">Last successful evaluation: <time dateTime="2026-07-18T00:01:00.000Z">Jul 18, 2026, 12:01 AM UTC</time>.</span></p></div></section></div>"`;
